<html>
<body>
<pre>
<h1>µVision Build Log</h1>
<h2>Tool Versions:</h2>
IDE-Version: µVision V5.22.0.0
Copyright (C) 2016 ARM Ltd and ARM Germany GmbH. All rights reserved.
License Information: Thomas Pouvreau, INSA, LIC=----
 
Tool Versions:
Toolchain:       MDK-Lite  Version: 5.22
Toolchain Path:  C:\Keil_v5\ARM\ARMCC\Bin
C Compiler:      Armcc.exe V5.06 update 4 (build 422)
Assembler:       Armasm.exe V5.06 update 4 (build 422)
Linker/Locator:  ArmLink.exe V5.06 update 4 (build 422)
Library Manager: ArmAr.exe V5.06 update 4 (build 422)
Hex Converter:   FromElf.exe V5.06 update 4 (build 422)
CPU DLL:         SARMCM3.DLL V5.22
Dialog DLL:      DARMSTM.DLL V1.67.0.0
Target DLL:      STLink\ST-LINKIII-KEIL_SWO.dll V2.0.18.0
Dialog DLL:      TARMSTM.DLL V1.66.0.0
 
<h2>Project:</h2>
C:\Users\El PouvroToto\Documents\school_project\stm32_geocar_3\MDK-ARM\stm32_geocar_3.uvprojx
Project File Date:  11/16/2016

<h2>Output:</h2>
*** Using Compiler 'V5.06 update 4 (build 422)', folder: 'C:\Keil_v5\ARM\ARMCC\Bin'
Rebuild target 'stm32_geocar_3'
compiling stm32f1xx_hal_gpio_ex.c...
compiling stm32f1xx_hal_rcc_ex.c...
compiling stm32f1xx_hal_gpio.c...
compiling stm32f1xx_hal_tim_ex.c...
compiling stm32f1xx_hal_flash_ex.c...
compiling stm32f1xx_hal_dma.c...
compiling stm32f1xx_hal_pwr.c...
compiling stm32f1xx_hal_flash.c...
compiling stm32f1xx_hal_rcc.c...
compiling stm32f1xx_hal_cortex.c...
compiling tim.c...
compiling stm32f1xx_hal_msp.c...
compiling stm32f1xx_hal.c...
compiling main.c...
../Src/turn.h(8): warning:  #1295-D: Deprecated declaration directionInit - give arg types
  void directionInit();
../Src/turn.h(10): warning:  #1295-D: Deprecated declaration directionOn - give arg types
  void directionOn();
../Src/turn.h(12): warning:  #1295-D: Deprecated declaration directionOff - give arg types
  void directionOff();	 
../Src/move.h(8): warning:  #1295-D: Deprecated declaration enginesInit - give arg types
  void enginesInit();
../Src/move.h(10): warning:  #1295-D: Deprecated declaration enginesOn - give arg types
  void enginesOn();
../Src/move.h(12): warning:  #1295-D: Deprecated declaration enginesOff - give arg types
  void enginesOff();	 
../Src/main.c: 6 warnings, 0 errors
compiling stm32f1xx_hal_tim.c...
assembling startup_stm32f103xb.s...
compiling move.c...
compiling gpio.c...
compiling stm32f1xx_it.c...
compiling system_stm32f1xx.c...
compiling turn.c...
compiling pwm.c...
linking...
Program Size: Code=7736 RO-data=284 RW-data=8 ZI-data=1240  
"stm32_geocar_3\stm32_geocar_3.axf" - 0 Error(s), 6 Warning(s).

<h2>Software Packages used:</h2>

Package Vendor: ARM
                http://www.keil.com/pack/ARM.CMSIS.5.0.0.pack
                ARM::CMSIS:CORE:5.0.0
                CMSIS (Cortex Microcontroller Software Interface Standard)
   * Component: CORE Version: 5.0.0

<h2>Collection of Component include folders:</h2>
  C:\Users\El PouvroToto\Documents\school_project\stm32_geocar_3\MDK-ARM\RTE\_stm32_geocar_3
  C:\Keil_v5\ARM\PACK\ARM\CMSIS\5.0.0\CMSIS\Include
  C:\Keil_v5\ARM\PACK\Keil\STM32F1xx_DFP\2.1.0\Device\Include

<h2>Collection of Component Files used:</h2>

   * Component: ARM::CMSIS:CORE:5.0.0
Build Time Elapsed:  00:00:15
</pre>
</body>
</html>
